MPLINK 4.47, Linker
Linker Map File - Created Sun Sep 21 22:18:09 2025

                                 Section Info
                  Section       Type    Address   Location Size(Bytes)
                ---------  ---------  ---------  ---------  ---------
                   .org_0       code   0x000000    program   0x000030
                   .cinit    romdata   0x000018    program   0x000004
      .config_2007_P4CL.O       code   0x002007    program   0x000002



                              Program Memory Usage 
                               Start         End      
                           ---------   ---------      
                            0x000000    0x000019      
                            0x002007    0x002007      
            27 out of 8455 program addresses used, program memory utilization is 0%



                              Symbols - Sorted by Name
                     Name    Address   Location    Storage File                     
                ---------  ---------  ---------  --------- ---------                
                  Carga_1   0x000011    program     static C:\Users\chris\OneDrive\Desktop\Practica4_ChristianLara\p4cl.asm
                   Inicio   0x00000a    program     static C:\Users\chris\OneDrive\Desktop\Practica4_ChristianLara\p4cl.asm
                  RETARDO   0x00000f    program     static C:\Users\chris\OneDrive\Desktop\Practica4_ChristianLara\p4cl.asm
             _.org_0_0014   0x000014    program     static C:\Users\chris\OneDrive\Desktop\Practica4_ChristianLara\p4cl.asm



                              Symbols - Sorted by Address
                     Name    Address   Location    Storage File                     
                ---------  ---------  ---------  --------- ---------                
                   Inicio   0x00000a    program     static C:\Users\chris\OneDrive\Desktop\Practica4_ChristianLara\p4cl.asm
                  RETARDO   0x00000f    program     static C:\Users\chris\OneDrive\Desktop\Practica4_ChristianLara\p4cl.asm
                  Carga_1   0x000011    program     static C:\Users\chris\OneDrive\Desktop\Practica4_ChristianLara\p4cl.asm
             _.org_0_0014   0x000014    program     static C:\Users\chris\OneDrive\Desktop\Practica4_ChristianLara\p4cl.asm


