MPLINK 4.47, Linker
Linker Map File - Created Tue Sep 16 02:05:29 2025

                                 Section Info
                  Section       Type    Address   Location Size(Bytes)
                ---------  ---------  ---------  ---------  ---------
                   .org_0       code   0x000000    program   0x000036
                   .cinit    romdata   0x00001b    program   0x000004
        .config_2007_P3.O       code   0x002007    program   0x000002



                              Program Memory Usage 
                               Start         End      
                           ---------   ---------      
                            0x000000    0x00001c      
                            0x002007    0x002007      
            30 out of 8455 program addresses used, program memory utilization is 0%



                              Symbols - Sorted by Name
                     Name    Address   Location    Storage File                     
                ---------  ---------  ---------  --------- ---------                
                   Inicio   0x00000a    program     static C:\Users\chris\OneDrive\Desktop\Practica3_ChristianLara\p3.asm
                Principal   0x000013    program     static C:\Users\chris\OneDrive\Desktop\Practica3_ChristianLara\p3.asm
           Ruta_izquierda   0x000017    program     static C:\Users\chris\OneDrive\Desktop\Practica3_ChristianLara\p3.asm
             _.org_0_0014   0x000014    program     static C:\Users\chris\OneDrive\Desktop\Practica3_ChristianLara\p3.asm
             _.org_0_0016   0x000016    program     static C:\Users\chris\OneDrive\Desktop\Practica3_ChristianLara\p3.asm



                              Symbols - Sorted by Address
                     Name    Address   Location    Storage File                     
                ---------  ---------  ---------  --------- ---------                
                   Inicio   0x00000a    program     static C:\Users\chris\OneDrive\Desktop\Practica3_ChristianLara\p3.asm
                Principal   0x000013    program     static C:\Users\chris\OneDrive\Desktop\Practica3_ChristianLara\p3.asm
             _.org_0_0014   0x000014    program     static C:\Users\chris\OneDrive\Desktop\Practica3_ChristianLara\p3.asm
             _.org_0_0016   0x000016    program     static C:\Users\chris\OneDrive\Desktop\Practica3_ChristianLara\p3.asm
           Ruta_izquierda   0x000017    program     static C:\Users\chris\OneDrive\Desktop\Practica3_ChristianLara\p3.asm


